你好让我思考[🐚 ]> 完整回答内容
[💬 ] 完整思考内容

[🔴 ]< ls -la

[📋 ] Command Output:
────────────────────────────────────────────
file1.txt
file2.txt
────────────────────────────────────────────

[⚙️ ]< get_weather(北京)

────────────────────────────────────────────────────────────────────────────────
Token用量: 首字=deepseek | 输入=100(10 t/s) | 输出=50(20 t/s) | 总计=150 (75.0%)
────────────────────────────────────────────────────────────────────────────────

────────────────────────────────────────────────────────────────────────────────
本次任务 Token 总计: 输入=100, 输出=50, 总计=150
────────────────────────────────────────────────────────────────────────────────
调试信息[⚠️ ] 警告信息
[❌ ] 错误信息

