你好让我思考[🔴]< ls -la

[📋] Command Output:
────────────────────────────────────────────
file1.txt
file2.txt
────────────────────────────────────────────
[⚙️]< get_weather(北京)

[ℹ️] ────────────────────────────────────────────────────────────────────────────────
[ℹ️]  Token用量: 首字=deepseek | 输入=100(10 t/s) | 输出=50(20 t/s) | 总计=150 (75.0%)
[ℹ️]    token_usage_timing%!(EXTRA string=deepseek, string=10, string=20)
[ℹ️] ────────────────────────────────────────────────────────────────────────────────
[❌] 错误信息

